
分配公共符号
公共符号            大小              文件

idt_ptr             0x6               kernel/global.o
inode_table         0xb00             kernel/global.o
task_stack          0x38000           kernel/global.o
k_reenter           0x4               kernel/global.o
gdt                 0x400             kernel/global.o
current_console     0x4               kernel/global.o
pcaller             0x4               kernel/global.o
tty_table           0x1090            kernel/global.o
tss                 0x68              kernel/global.o
tmpQP               0x24              kernel/main.o
fs_msg              0x30              kernel/global.o
f_desc_table        0x300             kernel/global.o
root_inode          0x4               kernel/global.o
disp_pos            0x4               kernel/global.o
key_pressed         0x4               kernel/global.o
gdt_ptr             0x6               kernel/global.o
idt                 0x800             kernel/global.o
super_block         0x1e0             kernel/global.o
PARTITION_ENTRY     0x10              kernel/hd.o
ticks               0x4               kernel/global.o
States              0x14820           kernel/main.o
console_table       0x50              kernel/global.o
irq_table           0x40              kernel/global.o
p_proc_ready        0x4               kernel/global.o
proc_table          0xb28             kernel/global.o

Discarded input sections

 .note.GNU-stack
                0x0000000000000000        0x0 kernel/start.o
 .note.GNU-stack
                0x0000000000000000        0x0 kernel/main.o
 .note.GNU-stack
                0x0000000000000000        0x0 kernel/clock.o
 .note.GNU-stack
                0x0000000000000000        0x0 kernel/keyboard.o
 .note.GNU-stack
                0x0000000000000000        0x0 kernel/tty.o
 .note.GNU-stack
                0x0000000000000000        0x0 kernel/console.o
 .note.GNU-stack
                0x0000000000000000        0x0 kernel/i8259.o
 .note.GNU-stack
                0x0000000000000000        0x0 kernel/global.o
 .note.GNU-stack
                0x0000000000000000        0x0 kernel/protect.o
 .note.GNU-stack
                0x0000000000000000        0x0 kernel/proc.o
 .note.GNU-stack
                0x0000000000000000        0x0 kernel/systask.o
 .note.GNU-stack
                0x0000000000000000        0x0 kernel/hd.o
 .note.GNU-stack
                0x0000000000000000        0x0 lib/printf.o
 .note.GNU-stack
                0x0000000000000000        0x0 lib/vsprintf.o
 .note.GNU-stack
                0x0000000000000000        0x0 lib/klib.o
 .note.GNU-stack
                0x0000000000000000        0x0 lib/misc.o
 .note.GNU-stack
                0x0000000000000000        0x0 lib/open.o
 .note.GNU-stack
                0x0000000000000000        0x0 lib/read.o
 .note.GNU-stack
                0x0000000000000000        0x0 lib/write.o
 .note.GNU-stack
                0x0000000000000000        0x0 lib/close.o
 .note.GNU-stack
                0x0000000000000000        0x0 lib/unlink.o
 .note.GNU-stack
                0x0000000000000000        0x0 lib/getpid.o
 .note.GNU-stack
                0x0000000000000000        0x0 lib/syslog.o
 .note.GNU-stack
                0x0000000000000000        0x0 fs/main.o
 .note.GNU-stack
                0x0000000000000000        0x0 fs/open.o
 .note.GNU-stack
                0x0000000000000000        0x0 fs/misc.o
 .note.GNU-stack
                0x0000000000000000        0x0 fs/read_write.o
 .note.GNU-stack
                0x0000000000000000        0x0 fs/link.o
 .note.GNU-stack
                0x0000000000000000        0x0 fs/disklog.o

内存配置

名称           来源             长度             属性
*default*        0x0000000000000000 0xffffffffffffffff

Linker script and memory map

段 .text 的地址设置为 0x1000
LOAD kernel/kernel.o
LOAD lib/syscall.o
LOAD kernel/start.o
LOAD kernel/main.o
LOAD kernel/clock.o
LOAD kernel/keyboard.o
LOAD kernel/tty.o
LOAD kernel/console.o
LOAD kernel/i8259.o
LOAD kernel/global.o
LOAD kernel/protect.o
LOAD kernel/proc.o
LOAD kernel/systask.o
LOAD kernel/hd.o
LOAD lib/printf.o
LOAD lib/vsprintf.o
LOAD lib/kliba.o
LOAD lib/klib.o
LOAD lib/string.o
LOAD lib/misc.o
LOAD lib/open.o
LOAD lib/read.o
LOAD lib/write.o
LOAD lib/close.o
LOAD lib/unlink.o
LOAD lib/getpid.o
LOAD lib/syslog.o
LOAD fs/main.o
LOAD fs/open.o
LOAD fs/misc.o
LOAD fs/read_write.o
LOAD fs/link.o
LOAD fs/disklog.o
                0x0000000008048000                PROVIDE (__executable_start, 0x8048000)
                0x0000000008048094                . = (0x8048000 + SIZEOF_HEADERS)

.interp
 *(.interp)

.note.gnu.build-id
 *(.note.gnu.build-id)

.hash
 *(.hash)

.gnu.hash
 *(.gnu.hash)

.dynsym
 *(.dynsym)

.dynstr
 *(.dynstr)

.gnu.version
 *(.gnu.version)

.gnu.version_d
 *(.gnu.version_d)

.gnu.version_r
 *(.gnu.version_r)

.rel.dyn        0x0000000008048094        0x0
 *(.rel.init)
 *(.rel.text .rel.text.* .rel.gnu.linkonce.t.*)
 .rel.text      0x0000000000000000        0x0 kernel/kernel.o
 *(.rel.fini)
 *(.rel.rodata .rel.rodata.* .rel.gnu.linkonce.r.*)
 *(.rel.data.rel.ro .rel.data.rel.ro.* .rel.gnu.linkonce.d.rel.ro.*)
 *(.rel.data .rel.data.* .rel.gnu.linkonce.d.*)
 .rel.data      0x0000000000000000        0x0 kernel/kernel.o
 *(.rel.tdata .rel.tdata.* .rel.gnu.linkonce.td.*)
 *(.rel.tbss .rel.tbss.* .rel.gnu.linkonce.tb.*)
 *(.rel.ctors)
 *(.rel.dtors)
 *(.rel.got)
 *(.rel.bss .rel.bss.* .rel.gnu.linkonce.b.*)
 *(.rel.ifunc)

.rel.plt        0x0000000008048094        0x0
 *(.rel.plt)
                0x0000000008048094                PROVIDE (__rel_iplt_start, .)
 *(.rel.iplt)
 .rel.iplt      0x0000000000000000        0x0 kernel/kernel.o
                0x0000000008048094                PROVIDE (__rel_iplt_end, .)

.init
 *(SORT(.init))

.plt            0x00000000080480a0        0x0
 *(.plt)
 *(.iplt)
 .iplt          0x0000000000000000        0x0 kernel/kernel.o

.text           0x0000000000001000     0xb522
 *(.text.unlikely .text.*_unlikely .text.unlikely.*)
 *(.text.exit .text.exit.*)
 *(.text.startup .text.startup.*)
 *(.text.hot .text.hot.*)
 *(.text .stub .text.* .gnu.linkonce.t.*)
 .text          0x0000000000001000      0x410 kernel/kernel.o
                0x0000000000001000                _start
                0x0000000000001040                hwint00
                0x0000000000001070                hwint01
                0x00000000000010a0                hwint02
                0x00000000000010d0                hwint03
                0x0000000000001100                hwint04
                0x0000000000001130                hwint05
                0x0000000000001160                hwint06
                0x0000000000001190                hwint07
                0x00000000000011c0                hwint08
                0x00000000000011f0                hwint09
                0x0000000000001220                hwint10
                0x0000000000001250                hwint11
                0x0000000000001280                hwint12
                0x00000000000012b0                hwint13
                0x00000000000012e0                hwint14
                0x0000000000001310                hwint15
                0x0000000000001334                divide_error
                0x000000000000133a                single_step_exception
                0x0000000000001340                nmi
                0x0000000000001346                breakpoint_exception
                0x000000000000134c                overflow
                0x0000000000001352                bounds_check
                0x0000000000001358                inval_opcode
                0x000000000000135e                copr_not_available
                0x0000000000001364                double_fault
                0x0000000000001368                copr_seg_overrun
                0x000000000000136e                inval_tss
                0x0000000000001372                segment_not_present
                0x0000000000001376                stack_exception
                0x000000000000137a                general_protection
                0x000000000000137e                page_fault
                0x0000000000001382                copr_error
                0x00000000000013cb                sys_call
                0x00000000000013eb                restart
 .text          0x0000000000001410       0x28 lib/syscall.o
                0x0000000000001410                sendrec
                0x000000000000142a                printx
 .text          0x0000000000001438       0x8e kernel/start.o
                0x0000000000001438                cstart
 .text          0x00000000000014c6     0x19b8 kernel/main.o
                0x00000000000014c6                kernel_main
                0x000000000000174b                get_ticks
                0x0000000000001783                TestA
                0x0000000000001986                TestB
                0x000000000000199a                TestC
                0x00000000000019ae                Init
                0x0000000000001a09                PrintQP
                0x0000000000001abe                IsWin
                0x0000000000001c84                e_fun
                0x0000000000002055                AutoDone
                0x000000000000262c                UserInput
                0x0000000000002742                TTT
                0x000000000000289d                panic
                0x00000000000028ed                printTitle
                0x0000000000002936                clear
                0x000000000000299b                help
                0x0000000000002a03                ProcessManage
                0x0000000000002a9a                FileManager
 .text          0x0000000000002e7e      0x115 kernel/clock.o
                0x0000000000002e7e                clock_handler
                0x0000000000002ef6                milli_delay
                0x0000000000002f2f                init_clock
 .text          0x0000000000002f93      0x6cf kernel/keyboard.o
                0x0000000000002f93                keyboard_handler
                0x0000000000002ff9                init_keyboard
                0x00000000000030a8                keyboard_read
 .text          0x0000000000003662      0x9d3 kernel/tty.o
                0x0000000000003662                task_tty
                0x0000000000003816                in_process
                0x0000000000003d3c                sys_printx
                0x0000000000003ede                dump_tty_buf
 .text          0x0000000000004035      0x7da kernel/console.o
                0x0000000000004035                init_screen
                0x000000000000419f                out_char
                0x000000000000445c                clear_screen
                0x0000000000004495                is_current_console
                0x00000000000044b8                set_cursor
                0x0000000000004521                set_video_start_addr
                0x000000000000458a                select_console
                0x00000000000045c5                scroll_screen
                0x00000000000047a9                flush
 .text          0x000000000000480f      0x13c kernel/i8259.o
                0x000000000000480f                init_8259A
                0x0000000000004900                spurious_irq
                0x000000000000492b                put_irq_handler
 .text          0x000000000000494b        0x0 kernel/global.o
 .text          0x000000000000494b      0x7e9 kernel/protect.o
                0x000000000000494b                init_prot
                0x0000000000004f4c                seg2phys
                0x0000000000005007                exception_handler
 .text          0x0000000000005134     0x19f5 kernel/proc.o
                0x0000000000005134                schedule
                0x00000000000051bf                sys_sendrec
                0x000000000000531e                send_recv
                0x00000000000053fe                ldt_seg_linear
                0x0000000000005448                va2la
                0x00000000000054b7                reset_msg
                0x00000000000064a5                inform_int
                0x0000000000006647                dump_proc
                0x00000000000069e2                dump_msg
 .text          0x0000000000006b29       0x95 kernel/systask.o
                0x0000000000006b29                task_sys
 .text          0x0000000000006bbe      0xe9e kernel/hd.o
                0x0000000000006bbe                task_hd
                0x0000000000007a37                hd_handler
 .text          0x0000000000007a5c       0xc0 lib/printf.o
                0x0000000000007a5c                printf
                0x0000000000007adb                printl
 .text          0x0000000000007b1c      0x318 lib/vsprintf.o
                0x0000000000007b7f                vsprintf
                0x0000000000007e0a                sprintf
 *fill*         0x0000000000007e34        0xc 
 .text          0x0000000000007e40      0x19a lib/kliba.o
                0x0000000000007e40                disp_str
                0x0000000000007e7e                disp_color_str
                0x0000000000007ebd                out_byte
                0x0000000000007ec9                in_byte
                0x0000000000007ed3                port_read
                0x0000000000007ee6                port_write
                0x0000000000007ef9                disable_irq
                0x0000000000007f2e                enable_irq
                0x0000000000007f4d                disable_int
                0x0000000000007f4f                enable_int
                0x0000000000007f51                glitter
 .text          0x0000000000007fda      0x1d2 lib/klib.o
                0x0000000000007fda                itoa
                0x0000000000008085                atoi
                0x0000000000008141                disp_int
                0x0000000000008166                delay
 *fill*         0x00000000000081ac        0x4 
 .text          0x00000000000081b0       0x78 lib/string.o
                0x00000000000081b0                memcpy
                0x00000000000081d9                memset
                0x00000000000081fa                strcpy
                0x0000000000008212                strlen
 .text          0x0000000000008228      0x1a8 lib/misc.o
                0x0000000000008228                memcmp
                0x000000000000829e                strcmp
                0x0000000000008310                strcat
                0x000000000000836f                spin
                0x000000000000838a                assertion_failure
 .text          0x00000000000083d0       0x73 lib/open.o
                0x00000000000083d0                open
 .text          0x0000000000008443       0x3f lib/read.o
                0x0000000000008443                read
 .text          0x0000000000008482       0x3f lib/write.o
                0x0000000000008482                write
 .text          0x00000000000084c1       0x33 lib/close.o
                0x00000000000084c1                close
 .text          0x00000000000084f4       0x41 lib/unlink.o
                0x00000000000084f4                unlink
 .text          0x0000000000008535       0x59 lib/getpid.o
                0x0000000000008535                getpid
 .text          0x000000000000858e       0xdb lib/syslog.o
                0x000000000000858e                syslog
 .text          0x0000000000008669      0xeac fs/main.o
                0x0000000000008669                task_fs
                0x0000000000008fc5                rw_sector
                0x00000000000091ff                get_super_block
                0x0000000000009245                get_inode
                0x00000000000093b3                put_inode
                0x00000000000093f8                sync_inode
 .text          0x0000000000009515      0xb4c fs/open.o
                0x0000000000009515                do_open
                0x00000000000099b2                do_close
                0x0000000000009a0a                do_lseek
 .text          0x000000000000a061      0x205 fs/misc.o
                0x000000000000a061                search_file
                0x000000000000a1da                strip_path
 .text          0x000000000000a266      0x522 fs/read_write.o
                0x000000000000a266                do_rdwt
 .text          0x000000000000a788      0x8f6 fs/link.o
                0x000000000000a788                do_unlink
 .text          0x000000000000b07e     0x14a4 fs/disklog.o
                0x000000000000b07e                do_disklog
                0x000000000000b129                disklog
                0x000000000000b6d3                dump_fd_graph
 *(.gnu.warning)

.fini
 *(SORT(.fini))
                0x000000000000c522                PROVIDE (__etext, .)
                0x000000000000c522                PROVIDE (_etext, .)
                0x000000000000c522                PROVIDE (etext, .)

.rodata         0x000000000000c540     0x24f7
 *(.rodata .rodata.* .gnu.linkonce.r.*)
 .rodata        0x000000000000c540       0x47 kernel/start.o
 *fill*         0x000000000000c587        0x1 
 .rodata        0x000000000000c588      0x7f2 kernel/main.o
                0x000000000000c634                NO_BLANK
                0x000000000000c638                TREE_DEPTH
                0x000000000000c63c                NIL
 *fill*         0x000000000000cd7a        0x2 
 .rodata        0x000000000000cd7c       0x64 kernel/keyboard.o
 .rodata        0x000000000000cde0      0x13c kernel/tty.o
 .rodata        0x000000000000cf1c       0x5b kernel/console.o
 .rodata        0x000000000000cf77       0x11 kernel/i8259.o
 .rodata        0x000000000000cf88        0x4 kernel/global.o
                0x000000000000cf88                FSBUF_SIZE
 *fill*         0x000000000000cf8c       0x14 
 .rodata        0x000000000000cfa0      0x540 kernel/protect.o
 .rodata        0x000000000000d4e0      0x62e kernel/proc.o
 .rodata        0x000000000000db0e       0x11 kernel/systask.o
 *fill*         0x000000000000db1f        0x1 
 .rodata        0x000000000000db20      0x1ba kernel/hd.o
 .rodata        0x000000000000dcda       0x14 lib/printf.o
 *fill*         0x000000000000dcee        0x2 
 .rodata        0x000000000000dcf0       0x61 lib/misc.o
 .rodata        0x000000000000dd51       0x23 lib/open.o
 .rodata        0x000000000000dd74       0x25 lib/getpid.o
 .rodata        0x000000000000dd99       0x32 lib/syslog.o
 *fill*         0x000000000000ddcb        0x1 
 .rodata        0x000000000000ddcc      0x206 fs/main.o
 *fill*         0x000000000000dfd2        0x2 
 .rodata        0x000000000000dfd4      0x138 fs/open.o
 .rodata        0x000000000000e10c      0x164 fs/read_write.o
 .rodata        0x000000000000e270      0x19d fs/link.o
 *fill*         0x000000000000e40d        0x3 
 .rodata        0x000000000000e410      0x627 fs/disklog.o

.rodata1
 *(.rodata1)

.eh_frame_hdr
 *(.eh_frame_hdr)

.eh_frame       0x000000000000ea38     0x11b8
 *(.eh_frame)
 .eh_frame      0x000000000000ea38       0x38 kernel/start.o
 .eh_frame      0x000000000000ea70      0x280 kernel/main.o
                                        0x298 (size before relaxing)
 .eh_frame      0x000000000000ecf0       0x60 kernel/clock.o
                                         0x78 (size before relaxing)
 .eh_frame      0x000000000000ed50       0xe0 kernel/keyboard.o
                                         0xf8 (size before relaxing)
 .eh_frame      0x000000000000ee30      0x13c kernel/tty.o
                                        0x154 (size before relaxing)
 .eh_frame      0x000000000000ef6c      0x148 kernel/console.o
                                        0x160 (size before relaxing)
 .eh_frame      0x000000000000f0b4       0x60 kernel/i8259.o
                                         0x78 (size before relaxing)
 .eh_frame      0x000000000000f114       0xb0 kernel/protect.o
                                         0xc8 (size before relaxing)
 .eh_frame      0x000000000000f1c4      0x1e0 kernel/proc.o
                                        0x1f8 (size before relaxing)
 .eh_frame      0x000000000000f3a4       0x1c kernel/systask.o
                                         0x34 (size before relaxing)
 .eh_frame      0x000000000000f3c0      0x210 kernel/hd.o
                                        0x228 (size before relaxing)
 .eh_frame      0x000000000000f5d0       0x40 lib/printf.o
                                         0x58 (size before relaxing)
 .eh_frame      0x000000000000f610       0x68 lib/vsprintf.o
                                         0x80 (size before relaxing)
 .eh_frame      0x000000000000f678       0x80 lib/klib.o
                                         0x98 (size before relaxing)
 .eh_frame      0x000000000000f6f8       0x9c lib/misc.o
                                         0xb4 (size before relaxing)
 .eh_frame      0x000000000000f794       0x20 lib/open.o
                                         0x38 (size before relaxing)
 .eh_frame      0x000000000000f7b4       0x20 lib/read.o
                                         0x38 (size before relaxing)
 .eh_frame      0x000000000000f7d4       0x20 lib/write.o
                                         0x38 (size before relaxing)
 .eh_frame      0x000000000000f7f4       0x20 lib/close.o
                                         0x38 (size before relaxing)
 .eh_frame      0x000000000000f814       0x20 lib/unlink.o
                                         0x38 (size before relaxing)
 .eh_frame      0x000000000000f834       0x20 lib/getpid.o
                                         0x38 (size before relaxing)
 .eh_frame      0x000000000000f854       0x20 lib/syslog.o
                                         0x38 (size before relaxing)
 .eh_frame      0x000000000000f874      0x134 fs/main.o
                                        0x14c (size before relaxing)
 .eh_frame      0x000000000000f9a8      0x128 fs/open.o
                                        0x140 (size before relaxing)
 .eh_frame      0x000000000000fad0       0x48 fs/misc.o
                                         0x60 (size before relaxing)
 .eh_frame      0x000000000000fb18       0x2c fs/read_write.o
                                         0x44 (size before relaxing)
 .eh_frame      0x000000000000fb44       0x2c fs/link.o
                                         0x44 (size before relaxing)
 .eh_frame      0x000000000000fb70       0x80 fs/disklog.o
                                         0x98 (size before relaxing)

.gcc_except_table
 *(.gcc_except_table .gcc_except_table.*)

.exception_ranges
 *(.exception_ranges .exception_ranges*)
                0x000000000000fbf0                . = (ALIGN (0x1000) - ((0x1000 - .) & 0xfff))
                0x0000000000010000                . = DATA_SEGMENT_ALIGN (0x1000, 0x1000)

.eh_frame
 *(.eh_frame)

.gcc_except_table
 *(.gcc_except_table .gcc_except_table.*)

.exception_ranges
 *(.exception_ranges .exception_ranges*)

.tdata
 *(.tdata .tdata.* .gnu.linkonce.td.*)

.tbss
 *(.tbss .tbss.* .gnu.linkonce.tb.*)
 *(.tcommon)

.preinit_array  0x0000000000010000        0x0
                0x0000000000010000                PROVIDE (__preinit_array_start, .)
 *(.preinit_array)
                0x0000000000010000                PROVIDE (__preinit_array_end, .)

.init_array     0x0000000000010000        0x0
                0x0000000000010000                PROVIDE (__init_array_start, .)
 *(SORT(.init_array.*) SORT(.ctors.*))
 *(.init_array EXCLUDE_FILE(*crtend?.o *crtend.o *crtbegin?.o *crtbegin.o) .ctors)
                0x0000000000010000                PROVIDE (__init_array_end, .)

.fini_array     0x0000000000010000        0x0
                0x0000000000010000                PROVIDE (__fini_array_start, .)
 *(SORT(.fini_array.*) SORT(.dtors.*))
 *(.fini_array EXCLUDE_FILE(*crtend?.o *crtend.o *crtbegin?.o *crtbegin.o) .dtors)
                0x0000000000010000                PROVIDE (__fini_array_end, .)

.ctors
 *crtbegin.o(.ctors)
 *crtbegin?.o(.ctors)
 *(EXCLUDE_FILE(*crtend?.o *crtend.o) .ctors)
 *(SORT(.ctors.*))
 *(.ctors)

.dtors
 *crtbegin.o(.dtors)
 *crtbegin?.o(.dtors)
 *(EXCLUDE_FILE(*crtend?.o *crtend.o) .dtors)
 *(SORT(.dtors.*))
 *(.dtors)

.jcr
 *(.jcr)

.data.rel.ro
 *(.data.rel.ro.local* .gnu.linkonce.d.rel.ro.local.*)
 *(.data.rel.ro .data.rel.ro.* .gnu.linkonce.d.rel.ro.*)

.dynamic
 *(.dynamic)

.got
 *(.got)
 *(.igot)
                0x0000000000010000                . = DATA_SEGMENT_RELRO_END (., (SIZEOF (.got.plt) >= 0xc)?0xc:0x0)

.got.plt        0x0000000000010000        0x0
 *(.got.plt)
 *(.igot.plt)
 .igot.plt      0x0000000000000000        0x0 kernel/kernel.o

.data           0x0000000000010000      0x7a0
 *(.data .data.* .gnu.linkonce.d.*)
 .data          0x0000000000010000        0x2 kernel/kernel.o
 .data          0x0000000000010002        0x0 kernel/start.o
 .data          0x0000000000010002        0x0 kernel/main.o
 .data          0x0000000000010002        0x0 kernel/clock.o
 *fill*         0x0000000000010002       0x1e 
 .data          0x0000000000010020      0x600 kernel/keyboard.o
                0x0000000000010020                keymap
 .data          0x0000000000010620       0x22 kernel/tty.o
 .data          0x0000000000010642        0x0 kernel/console.o
 .data          0x0000000000010642        0x0 kernel/i8259.o
 *fill*         0x0000000000010642       0x1e 
 .data          0x0000000000010660      0x140 kernel/global.o
                0x0000000000010660                task_table
                0x0000000000010700                user_proc_table
                0x0000000000010778                sys_call_table
                0x0000000000010784                dd_map
                0x000000000001079c                fsbuf
 .data          0x00000000000107a0        0x0 kernel/protect.o
 .data          0x00000000000107a0        0x0 kernel/proc.o
 .data          0x00000000000107a0        0x0 kernel/systask.o
 .data          0x00000000000107a0        0x0 kernel/hd.o
 .data          0x00000000000107a0        0x0 lib/printf.o
 .data          0x00000000000107a0        0x0 lib/vsprintf.o
 .data          0x00000000000107a0        0x0 lib/klib.o
 .data          0x00000000000107a0        0x0 lib/misc.o
 .data          0x00000000000107a0        0x0 lib/open.o
 .data          0x00000000000107a0        0x0 lib/read.o
 .data          0x00000000000107a0        0x0 lib/write.o
 .data          0x00000000000107a0        0x0 lib/close.o
 .data          0x00000000000107a0        0x0 lib/unlink.o
 .data          0x00000000000107a0        0x0 lib/getpid.o
 .data          0x00000000000107a0        0x0 lib/syslog.o
 .data          0x00000000000107a0        0x0 fs/main.o
 .data          0x00000000000107a0        0x0 fs/open.o
 .data          0x00000000000107a0        0x0 fs/misc.o
 .data          0x00000000000107a0        0x0 fs/read_write.o
 .data          0x00000000000107a0        0x0 fs/link.o
 .data          0x00000000000107a0        0x0 fs/disklog.o

.data1
 *(.data1)
                0x00000000000107a0                _edata = .
                0x00000000000107a0                PROVIDE (edata, .)
                0x00000000000107a0                . = .
                0x00000000000107a0                __bss_start = .

.bss            0x00000000000107a0    0x51338
 *(.dynbss)
 *(.bss .bss.* .gnu.linkonce.b.*)
 .bss           0x00000000000107a0      0x800 kernel/kernel.o
 .bss           0x0000000000010fa0        0x0 kernel/start.o
 .bss           0x0000000000010fa0        0x4 kernel/main.o
 .bss           0x0000000000010fa4        0x0 kernel/clock.o
 *fill*         0x0000000000010fa4       0x1c 
 .bss           0x0000000000010fc0       0x58 kernel/keyboard.o
 .bss           0x0000000000011018        0x0 kernel/tty.o
 .bss           0x0000000000011018        0x0 kernel/console.o
 .bss           0x0000000000011018        0x0 kernel/i8259.o
 .bss           0x0000000000011018        0x0 kernel/global.o
 .bss           0x0000000000011018        0x0 kernel/protect.o
 .bss           0x0000000000011018        0x0 kernel/proc.o
 .bss           0x0000000000011018        0x0 kernel/systask.o
 *fill*         0x0000000000011018        0x8 
 .bss           0x0000000000011020      0x64c kernel/hd.o
 .bss           0x000000000001166c        0x0 lib/printf.o
 .bss           0x000000000001166c        0x0 lib/vsprintf.o
 .bss           0x000000000001166c        0x0 lib/klib.o
 .bss           0x000000000001166c        0x0 lib/misc.o
 .bss           0x000000000001166c        0x0 lib/open.o
 .bss           0x000000000001166c        0x0 lib/read.o
 .bss           0x000000000001166c        0x0 lib/write.o
 .bss           0x000000000001166c        0x0 lib/close.o
 .bss           0x000000000001166c        0x0 lib/unlink.o
 .bss           0x000000000001166c        0x0 lib/getpid.o
 .bss           0x000000000001166c        0x0 lib/syslog.o
 .bss           0x000000000001166c        0x0 fs/main.o
 .bss           0x000000000001166c        0x0 fs/open.o
 .bss           0x000000000001166c        0x0 fs/misc.o
 .bss           0x000000000001166c        0x0 fs/read_write.o
 .bss           0x000000000001166c        0x0 fs/link.o
 *fill*         0x000000000001166c       0x14 
 .bss           0x0000000000011680      0x208 fs/disklog.o
 *(COMMON)
 *fill*         0x0000000000011888       0x18 
 COMMON         0x00000000000118a0    0x14860 kernel/main.o
                0x00000000000118a0                tmpQP
                0x00000000000118e0                States
 COMMON         0x0000000000026100    0x3b9c8 kernel/global.o
                0x0000000000026100                idt_ptr
                0x0000000000026120                inode_table
                0x0000000000026c20                task_stack
                0x000000000005ec20                k_reenter
                0x000000000005ec40                gdt
                0x000000000005f040                current_console
                0x000000000005f044                pcaller
                0x000000000005f060                tty_table
                0x0000000000060100                tss
                0x0000000000060180                fs_msg
                0x00000000000601c0                f_desc_table
                0x00000000000604c0                root_inode
                0x00000000000604c4                disp_pos
                0x00000000000604c8                key_pressed
                0x00000000000604cc                gdt_ptr
                0x00000000000604e0                idt
                0x0000000000060ce0                super_block
                0x0000000000060ec0                ticks
                0x0000000000060ee0                console_table
                0x0000000000060f40                irq_table
                0x0000000000060f80                p_proc_ready
                0x0000000000060fa0                proc_table
 COMMON         0x0000000000061ac8       0x10 kernel/hd.o
                0x0000000000061ac8                PARTITION_ENTRY
                0x0000000000061ad8                . = ALIGN ((. != 0x0)?0x4:0x1)
                0x0000000000061ad8                . = ALIGN (0x4)
                0x0000000000061ad8                . = SEGMENT_START ("ldata-segment", .)
                0x0000000000061ad8                . = ALIGN (0x4)
                0x0000000000061ad8                _end = .
                0x0000000000061ad8                PROVIDE (end, .)
                0x0000000000061ad8                . = DATA_SEGMENT_END (.)

.stab
 *(.stab)

.stabstr
 *(.stabstr)

.stab.excl
 *(.stab.excl)

.stab.exclstr
 *(.stab.exclstr)

.stab.index
 *(.stab.index)

.stab.indexstr
 *(.stab.indexstr)

.comment        0x0000000000000000       0x29
 *(.comment)
 .comment       0x0000000000000000       0x29 kernel/start.o
                                         0x2a (size before relaxing)
 .comment       0x0000000000000000       0x2a kernel/main.o
 .comment       0x0000000000000000       0x2a kernel/clock.o
 .comment       0x0000000000000000       0x2a kernel/keyboard.o
 .comment       0x0000000000000000       0x2a kernel/tty.o
 .comment       0x0000000000000000       0x2a kernel/console.o
 .comment       0x0000000000000000       0x2a kernel/i8259.o
 .comment       0x0000000000000000       0x2a kernel/global.o
 .comment       0x0000000000000000       0x2a kernel/protect.o
 .comment       0x0000000000000000       0x2a kernel/proc.o
 .comment       0x0000000000000000       0x2a kernel/systask.o
 .comment       0x0000000000000000       0x2a kernel/hd.o
 .comment       0x0000000000000000       0x2a lib/printf.o
 .comment       0x0000000000000000       0x2a lib/vsprintf.o
 .comment       0x0000000000000000       0x2a lib/klib.o
 .comment       0x0000000000000000       0x2a lib/misc.o
 .comment       0x0000000000000000       0x2a lib/open.o
 .comment       0x0000000000000000       0x2a lib/read.o
 .comment       0x0000000000000000       0x2a lib/write.o
 .comment       0x0000000000000000       0x2a lib/close.o
 .comment       0x0000000000000000       0x2a lib/unlink.o
 .comment       0x0000000000000000       0x2a lib/getpid.o
 .comment       0x0000000000000000       0x2a lib/syslog.o
 .comment       0x0000000000000000       0x2a fs/main.o
 .comment       0x0000000000000000       0x2a fs/open.o
 .comment       0x0000000000000000       0x2a fs/misc.o
 .comment       0x0000000000000000       0x2a fs/read_write.o
 .comment       0x0000000000000000       0x2a fs/link.o
 .comment       0x0000000000000000       0x2a fs/disklog.o

.debug
 *(.debug)

.line
 *(.line)

.debug_srcinfo
 *(.debug_srcinfo)

.debug_sfnames
 *(.debug_sfnames)

.debug_aranges
 *(.debug_aranges)

.debug_pubnames
 *(.debug_pubnames)

.debug_info
 *(.debug_info .gnu.linkonce.wi.*)

.debug_abbrev
 *(.debug_abbrev)

.debug_line
 *(.debug_line .debug_line.* .debug_line_end)

.debug_frame
 *(.debug_frame)

.debug_str
 *(.debug_str)

.debug_loc
 *(.debug_loc)

.debug_macinfo
 *(.debug_macinfo)

.debug_weaknames
 *(.debug_weaknames)

.debug_funcnames
 *(.debug_funcnames)

.debug_typenames
 *(.debug_typenames)

.debug_varnames
 *(.debug_varnames)

.debug_pubtypes
 *(.debug_pubtypes)

.debug_ranges
 *(.debug_ranges)

.debug_macro
 *(.debug_macro)

.gnu.attributes
 *(.gnu.attributes)

/DISCARD/
 *(.note.GNU-stack)
 *(.gnu_debuglink)
 *(.gnu.lto_*)
OUTPUT(kernel.bin elf32-i386)
