
分配公共符号
公共符号            大小              文件

idt_ptr             0x6               kernel/global.o
inode_table         0xb00             kernel/global.o
task_stack          0x38000           kernel/global.o
k_reenter           0x4               kernel/global.o
gdt                 0x400             kernel/global.o
current_console     0x4               kernel/global.o
pcaller             0x4               kernel/global.o
tty_table           0x1090            kernel/global.o
tss                 0x68              kernel/global.o
tmpQP               0x24              kernel/main.o
fs_msg              0x30              kernel/global.o
f_desc_table        0x300             kernel/global.o
root_inode          0x4               kernel/global.o
disp_pos            0x4               kernel/global.o
key_pressed         0x4               kernel/global.o
gdt_ptr             0x6               kernel/global.o
idt                 0x800             kernel/global.o
super_block         0x1e0             kernel/global.o
PARTITION_ENTRY     0x10              kernel/hd.o
ticks               0x4               kernel/global.o
States              0x14820           kernel/main.o
console_table       0x50              kernel/global.o
irq_table           0x40              kernel/global.o
p_proc_ready        0x4               kernel/global.o
proc_table          0xb28             kernel/global.o

Discarded input sections

 .note.GNU-stack
                0x0000000000000000        0x0 kernel/start.o
 .note.GNU-stack
                0x0000000000000000        0x0 kernel/main.o
 .note.GNU-stack
                0x0000000000000000        0x0 kernel/clock.o
 .note.GNU-stack
                0x0000000000000000        0x0 kernel/keyboard.o
 .note.GNU-stack
                0x0000000000000000        0x0 kernel/tty.o
 .note.GNU-stack
                0x0000000000000000        0x0 kernel/console.o
 .note.GNU-stack
                0x0000000000000000        0x0 kernel/i8259.o
 .note.GNU-stack
                0x0000000000000000        0x0 kernel/global.o
 .note.GNU-stack
                0x0000000000000000        0x0 kernel/protect.o
 .note.GNU-stack
                0x0000000000000000        0x0 kernel/proc.o
 .note.GNU-stack
                0x0000000000000000        0x0 kernel/systask.o
 .note.GNU-stack
                0x0000000000000000        0x0 kernel/hd.o
 .note.GNU-stack
                0x0000000000000000        0x0 lib/printf.o
 .note.GNU-stack
                0x0000000000000000        0x0 lib/vsprintf.o
 .note.GNU-stack
                0x0000000000000000        0x0 lib/klib.o
 .note.GNU-stack
                0x0000000000000000        0x0 lib/misc.o
 .note.GNU-stack
                0x0000000000000000        0x0 lib/open.o
 .note.GNU-stack
                0x0000000000000000        0x0 lib/read.o
 .note.GNU-stack
                0x0000000000000000        0x0 lib/write.o
 .note.GNU-stack
                0x0000000000000000        0x0 lib/close.o
 .note.GNU-stack
                0x0000000000000000        0x0 lib/unlink.o
 .note.GNU-stack
                0x0000000000000000        0x0 lib/getpid.o
 .note.GNU-stack
                0x0000000000000000        0x0 lib/syslog.o
 .note.GNU-stack
                0x0000000000000000        0x0 fs/main.o
 .note.GNU-stack
                0x0000000000000000        0x0 fs/open.o
 .note.GNU-stack
                0x0000000000000000        0x0 fs/misc.o
 .note.GNU-stack
                0x0000000000000000        0x0 fs/read_write.o
 .note.GNU-stack
                0x0000000000000000        0x0 fs/link.o
 .note.GNU-stack
                0x0000000000000000        0x0 fs/disklog.o

内存配置

名称           来源             长度             属性
*default*        0x0000000000000000 0xffffffffffffffff

Linker script and memory map

段 .text 的地址设置为 0x1000
LOAD kernel/kernel.o
LOAD lib/syscall.o
LOAD kernel/start.o
LOAD kernel/main.o
LOAD kernel/clock.o
LOAD kernel/keyboard.o
LOAD kernel/tty.o
LOAD kernel/console.o
LOAD kernel/i8259.o
LOAD kernel/global.o
LOAD kernel/protect.o
LOAD kernel/proc.o
LOAD kernel/systask.o
LOAD kernel/hd.o
LOAD lib/printf.o
LOAD lib/vsprintf.o
LOAD lib/kliba.o
LOAD lib/klib.o
LOAD lib/string.o
LOAD lib/misc.o
LOAD lib/open.o
LOAD lib/read.o
LOAD lib/write.o
LOAD lib/close.o
LOAD lib/unlink.o
LOAD lib/getpid.o
LOAD lib/syslog.o
LOAD fs/main.o
LOAD fs/open.o
LOAD fs/misc.o
LOAD fs/read_write.o
LOAD fs/link.o
LOAD fs/disklog.o
                0x0000000008048000                PROVIDE (__executable_start, 0x8048000)
                0x0000000008048094                . = (0x8048000 + SIZEOF_HEADERS)

.interp
 *(.interp)

.note.gnu.build-id
 *(.note.gnu.build-id)

.hash
 *(.hash)

.gnu.hash
 *(.gnu.hash)

.dynsym
 *(.dynsym)

.dynstr
 *(.dynstr)

.gnu.version
 *(.gnu.version)

.gnu.version_d
 *(.gnu.version_d)

.gnu.version_r
 *(.gnu.version_r)

.rel.dyn        0x0000000008048094        0x0
 *(.rel.init)
 *(.rel.text .rel.text.* .rel.gnu.linkonce.t.*)
 .rel.text      0x0000000000000000        0x0 kernel/kernel.o
 *(.rel.fini)
 *(.rel.rodata .rel.rodata.* .rel.gnu.linkonce.r.*)
 *(.rel.data.rel.ro .rel.data.rel.ro.* .rel.gnu.linkonce.d.rel.ro.*)
 *(.rel.data .rel.data.* .rel.gnu.linkonce.d.*)
 .rel.data      0x0000000000000000        0x0 kernel/kernel.o
 *(.rel.tdata .rel.tdata.* .rel.gnu.linkonce.td.*)
 *(.rel.tbss .rel.tbss.* .rel.gnu.linkonce.tb.*)
 *(.rel.ctors)
 *(.rel.dtors)
 *(.rel.got)
 *(.rel.bss .rel.bss.* .rel.gnu.linkonce.b.*)
 *(.rel.ifunc)

.rel.plt        0x0000000008048094        0x0
 *(.rel.plt)
                0x0000000008048094                PROVIDE (__rel_iplt_start, .)
 *(.rel.iplt)
 .rel.iplt      0x0000000000000000        0x0 kernel/kernel.o
                0x0000000008048094                PROVIDE (__rel_iplt_end, .)

.init
 *(SORT(.init))

.plt            0x00000000080480a0        0x0
 *(.plt)
 *(.iplt)
 .iplt          0x0000000000000000        0x0 kernel/kernel.o

.text           0x0000000000001000     0xb892
 *(.text.unlikely .text.*_unlikely .text.unlikely.*)
 *(.text.exit .text.exit.*)
 *(.text.startup .text.startup.*)
 *(.text.hot .text.hot.*)
 *(.text .stub .text.* .gnu.linkonce.t.*)
 .text          0x0000000000001000      0x410 kernel/kernel.o
                0x0000000000001000                _start
                0x0000000000001040                hwint00
                0x0000000000001070                hwint01
                0x00000000000010a0                hwint02
                0x00000000000010d0                hwint03
                0x0000000000001100                hwint04
                0x0000000000001130                hwint05
                0x0000000000001160                hwint06
                0x0000000000001190                hwint07
                0x00000000000011c0                hwint08
                0x00000000000011f0                hwint09
                0x0000000000001220                hwint10
                0x0000000000001250                hwint11
                0x0000000000001280                hwint12
                0x00000000000012b0                hwint13
                0x00000000000012e0                hwint14
                0x0000000000001310                hwint15
                0x0000000000001334                divide_error
                0x000000000000133a                single_step_exception
                0x0000000000001340                nmi
                0x0000000000001346                breakpoint_exception
                0x000000000000134c                overflow
                0x0000000000001352                bounds_check
                0x0000000000001358                inval_opcode
                0x000000000000135e                copr_not_available
                0x0000000000001364                double_fault
                0x0000000000001368                copr_seg_overrun
                0x000000000000136e                inval_tss
                0x0000000000001372                segment_not_present
                0x0000000000001376                stack_exception
                0x000000000000137a                general_protection
                0x000000000000137e                page_fault
                0x0000000000001382                copr_error
                0x00000000000013cb                sys_call
                0x00000000000013eb                restart
 .text          0x0000000000001410       0x28 lib/syscall.o
                0x0000000000001410                sendrec
                0x000000000000142a                printx
 .text          0x0000000000001438       0x8e kernel/start.o
                0x0000000000001438                cstart
 .text          0x00000000000014c6     0x1d27 kernel/main.o
                0x00000000000014c6                kernel_main
                0x000000000000174b                get_ticks
                0x0000000000001783                TestA
                0x0000000000001ccd                TestB
                0x0000000000001ce1                TestC
                0x0000000000001cf5                Init
                0x0000000000001d50                PrintQP
                0x0000000000001e05                IsWin
                0x0000000000001fcb                e_fun
                0x000000000000239c                AutoDone
                0x0000000000002973                UserInput
                0x0000000000002a89                TTT
                0x0000000000002be4                panic
                0x0000000000002c34                clearArr
                0x0000000000002c5c                printTitle
                0x0000000000002ca5                clear
                0x0000000000002d0a                help
                0x0000000000002d72                ProcessManage
                0x0000000000002e09                FileManager
 .text          0x00000000000031ed      0x115 kernel/clock.o
                0x00000000000031ed                clock_handler
                0x0000000000003265                milli_delay
                0x000000000000329e                init_clock
 .text          0x0000000000003302      0x6cf kernel/keyboard.o
                0x0000000000003302                keyboard_handler
                0x0000000000003368                init_keyboard
                0x0000000000003417                keyboard_read
 .text          0x00000000000039d1      0x9d3 kernel/tty.o
                0x00000000000039d1                task_tty
                0x0000000000003b85                in_process
                0x00000000000040ab                sys_printx
                0x000000000000424d                dump_tty_buf
 .text          0x00000000000043a4      0x7da kernel/console.o
                0x00000000000043a4                init_screen
                0x000000000000450e                out_char
                0x00000000000047cb                clear_screen
                0x0000000000004804                is_current_console
                0x0000000000004827                set_cursor
                0x0000000000004890                set_video_start_addr
                0x00000000000048f9                select_console
                0x0000000000004934                scroll_screen
                0x0000000000004b18                flush
 .text          0x0000000000004b7e      0x13c kernel/i8259.o
                0x0000000000004b7e                init_8259A
                0x0000000000004c6f                spurious_irq
                0x0000000000004c9a                put_irq_handler
 .text          0x0000000000004cba        0x0 kernel/global.o
 .text          0x0000000000004cba      0x7e9 kernel/protect.o
                0x0000000000004cba                init_prot
                0x00000000000052bb                seg2phys
                0x0000000000005376                exception_handler
 .text          0x00000000000054a3     0x19f5 kernel/proc.o
                0x00000000000054a3                schedule
                0x000000000000552e                sys_sendrec
                0x000000000000568d                send_recv
                0x000000000000576d                ldt_seg_linear
                0x00000000000057b7                va2la
                0x0000000000005826                reset_msg
                0x0000000000006814                inform_int
                0x00000000000069b6                dump_proc
                0x0000000000006d51                dump_msg
 .text          0x0000000000006e98       0x95 kernel/systask.o
                0x0000000000006e98                task_sys
 .text          0x0000000000006f2d      0xe9e kernel/hd.o
                0x0000000000006f2d                task_hd
                0x0000000000007da6                hd_handler
 .text          0x0000000000007dcb       0xc0 lib/printf.o
                0x0000000000007dcb                printf
                0x0000000000007e4a                printl
 .text          0x0000000000007e8b      0x318 lib/vsprintf.o
                0x0000000000007eee                vsprintf
                0x0000000000008179                sprintf
 *fill*         0x00000000000081a3        0xd 
 .text          0x00000000000081b0      0x19a lib/kliba.o
                0x00000000000081b0                disp_str
                0x00000000000081ee                disp_color_str
                0x000000000000822d                out_byte
                0x0000000000008239                in_byte
                0x0000000000008243                port_read
                0x0000000000008256                port_write
                0x0000000000008269                disable_irq
                0x000000000000829e                enable_irq
                0x00000000000082bd                disable_int
                0x00000000000082bf                enable_int
                0x00000000000082c1                glitter
 .text          0x000000000000834a      0x1d2 lib/klib.o
                0x000000000000834a                itoa
                0x00000000000083f5                atoi
                0x00000000000084b1                disp_int
                0x00000000000084d6                delay
 *fill*         0x000000000000851c        0x4 
 .text          0x0000000000008520       0x78 lib/string.o
                0x0000000000008520                memcpy
                0x0000000000008549                memset
                0x000000000000856a                strcpy
                0x0000000000008582                strlen
 .text          0x0000000000008598      0x1a8 lib/misc.o
                0x0000000000008598                memcmp
                0x000000000000860e                strcmp
                0x0000000000008680                strcat
                0x00000000000086df                spin
                0x00000000000086fa                assertion_failure
 .text          0x0000000000008740       0x73 lib/open.o
                0x0000000000008740                open
 .text          0x00000000000087b3       0x3f lib/read.o
                0x00000000000087b3                read
 .text          0x00000000000087f2       0x3f lib/write.o
                0x00000000000087f2                write
 .text          0x0000000000008831       0x33 lib/close.o
                0x0000000000008831                close
 .text          0x0000000000008864       0x41 lib/unlink.o
                0x0000000000008864                unlink
 .text          0x00000000000088a5       0x59 lib/getpid.o
                0x00000000000088a5                getpid
 .text          0x00000000000088fe       0xdb lib/syslog.o
                0x00000000000088fe                syslog
 .text          0x00000000000089d9      0xeac fs/main.o
                0x00000000000089d9                task_fs
                0x0000000000009335                rw_sector
                0x000000000000956f                get_super_block
                0x00000000000095b5                get_inode
                0x0000000000009723                put_inode
                0x0000000000009768                sync_inode
 .text          0x0000000000009885      0xb4c fs/open.o
                0x0000000000009885                do_open
                0x0000000000009d22                do_close
                0x0000000000009d7a                do_lseek
 .text          0x000000000000a3d1      0x205 fs/misc.o
                0x000000000000a3d1                search_file
                0x000000000000a54a                strip_path
 .text          0x000000000000a5d6      0x522 fs/read_write.o
                0x000000000000a5d6                do_rdwt
 .text          0x000000000000aaf8      0x8f6 fs/link.o
                0x000000000000aaf8                do_unlink
 .text          0x000000000000b3ee     0x14a4 fs/disklog.o
                0x000000000000b3ee                do_disklog
                0x000000000000b499                disklog
                0x000000000000ba43                dump_fd_graph
 *(.gnu.warning)

.fini
 *(SORT(.fini))
                0x000000000000c892                PROVIDE (__etext, .)
                0x000000000000c892                PROVIDE (_etext, .)
                0x000000000000c892                PROVIDE (etext, .)

.rodata         0x000000000000c8a0     0x24f7
 *(.rodata .rodata.* .gnu.linkonce.r.*)
 .rodata        0x000000000000c8a0       0x47 kernel/start.o
 *fill*         0x000000000000c8e7        0x1 
 .rodata        0x000000000000c8e8      0x7fa kernel/main.o
                0x000000000000ca6c                NO_BLANK
                0x000000000000ca70                TREE_DEPTH
                0x000000000000ca74                NIL
 *fill*         0x000000000000d0e2        0x2 
 .rodata        0x000000000000d0e4       0x64 kernel/keyboard.o
 .rodata        0x000000000000d148      0x13c kernel/tty.o
 .rodata        0x000000000000d284       0x5b kernel/console.o
 .rodata        0x000000000000d2df       0x11 kernel/i8259.o
 .rodata        0x000000000000d2f0        0x4 kernel/global.o
                0x000000000000d2f0                FSBUF_SIZE
 *fill*         0x000000000000d2f4        0xc 
 .rodata        0x000000000000d300      0x540 kernel/protect.o
 .rodata        0x000000000000d840      0x62e kernel/proc.o
 .rodata        0x000000000000de6e       0x11 kernel/systask.o
 *fill*         0x000000000000de7f        0x1 
 .rodata        0x000000000000de80      0x1ba kernel/hd.o
 .rodata        0x000000000000e03a       0x14 lib/printf.o
 *fill*         0x000000000000e04e        0x2 
 .rodata        0x000000000000e050       0x61 lib/misc.o
 .rodata        0x000000000000e0b1       0x23 lib/open.o
 .rodata        0x000000000000e0d4       0x25 lib/getpid.o
 .rodata        0x000000000000e0f9       0x32 lib/syslog.o
 *fill*         0x000000000000e12b        0x1 
 .rodata        0x000000000000e12c      0x206 fs/main.o
 *fill*         0x000000000000e332        0x2 
 .rodata        0x000000000000e334      0x138 fs/open.o
 .rodata        0x000000000000e46c      0x164 fs/read_write.o
 .rodata        0x000000000000e5d0      0x19d fs/link.o
 *fill*         0x000000000000e76d        0x3 
 .rodata        0x000000000000e770      0x627 fs/disklog.o

.rodata1
 *(.rodata1)

.eh_frame_hdr
 *(.eh_frame_hdr)

.eh_frame       0x000000000000ed98     0x11d4
 *(.eh_frame)
 .eh_frame      0x000000000000ed98       0x38 kernel/start.o
 .eh_frame      0x000000000000edd0      0x29c kernel/main.o
                                        0x2b4 (size before relaxing)
 .eh_frame      0x000000000000f06c       0x60 kernel/clock.o
                                         0x78 (size before relaxing)
 .eh_frame      0x000000000000f0cc       0xe0 kernel/keyboard.o
                                         0xf8 (size before relaxing)
 .eh_frame      0x000000000000f1ac      0x13c kernel/tty.o
                                        0x154 (size before relaxing)
 .eh_frame      0x000000000000f2e8      0x148 kernel/console.o
                                        0x160 (size before relaxing)
 .eh_frame      0x000000000000f430       0x60 kernel/i8259.o
                                         0x78 (size before relaxing)
 .eh_frame      0x000000000000f490       0xb0 kernel/protect.o
                                         0xc8 (size before relaxing)
 .eh_frame      0x000000000000f540      0x1e0 kernel/proc.o
                                        0x1f8 (size before relaxing)
 .eh_frame      0x000000000000f720       0x1c kernel/systask.o
                                         0x34 (size before relaxing)
 .eh_frame      0x000000000000f73c      0x210 kernel/hd.o
                                        0x228 (size before relaxing)
 .eh_frame      0x000000000000f94c       0x40 lib/printf.o
                                         0x58 (size before relaxing)
 .eh_frame      0x000000000000f98c       0x68 lib/vsprintf.o
                                         0x80 (size before relaxing)
 .eh_frame      0x000000000000f9f4       0x80 lib/klib.o
                                         0x98 (size before relaxing)
 .eh_frame      0x000000000000fa74       0x9c lib/misc.o
                                         0xb4 (size before relaxing)
 .eh_frame      0x000000000000fb10       0x20 lib/open.o
                                         0x38 (size before relaxing)
 .eh_frame      0x000000000000fb30       0x20 lib/read.o
                                         0x38 (size before relaxing)
 .eh_frame      0x000000000000fb50       0x20 lib/write.o
                                         0x38 (size before relaxing)
 .eh_frame      0x000000000000fb70       0x20 lib/close.o
                                         0x38 (size before relaxing)
 .eh_frame      0x000000000000fb90       0x20 lib/unlink.o
                                         0x38 (size before relaxing)
 .eh_frame      0x000000000000fbb0       0x20 lib/getpid.o
                                         0x38 (size before relaxing)
 .eh_frame      0x000000000000fbd0       0x20 lib/syslog.o
                                         0x38 (size before relaxing)
 .eh_frame      0x000000000000fbf0      0x134 fs/main.o
                                        0x14c (size before relaxing)
 .eh_frame      0x000000000000fd24      0x128 fs/open.o
                                        0x140 (size before relaxing)
 .eh_frame      0x000000000000fe4c       0x48 fs/misc.o
                                         0x60 (size before relaxing)
 .eh_frame      0x000000000000fe94       0x2c fs/read_write.o
                                         0x44 (size before relaxing)
 .eh_frame      0x000000000000fec0       0x2c fs/link.o
                                         0x44 (size before relaxing)
 .eh_frame      0x000000000000feec       0x80 fs/disklog.o
                                         0x98 (size before relaxing)

.gcc_except_table
 *(.gcc_except_table .gcc_except_table.*)

.exception_ranges
 *(.exception_ranges .exception_ranges*)
                0x000000000000ff6c                . = (ALIGN (0x1000) - ((0x1000 - .) & 0xfff))
                0x0000000000010000                . = DATA_SEGMENT_ALIGN (0x1000, 0x1000)

.eh_frame
 *(.eh_frame)

.gcc_except_table
 *(.gcc_except_table .gcc_except_table.*)

.exception_ranges
 *(.exception_ranges .exception_ranges*)

.tdata
 *(.tdata .tdata.* .gnu.linkonce.td.*)

.tbss
 *(.tbss .tbss.* .gnu.linkonce.tb.*)
 *(.tcommon)

.preinit_array  0x0000000000010000        0x0
                0x0000000000010000                PROVIDE (__preinit_array_start, .)
 *(.preinit_array)
                0x0000000000010000                PROVIDE (__preinit_array_end, .)

.init_array     0x0000000000010000        0x0
                0x0000000000010000                PROVIDE (__init_array_start, .)
 *(SORT(.init_array.*) SORT(.ctors.*))
 *(.init_array EXCLUDE_FILE(*crtend?.o *crtend.o *crtbegin?.o *crtbegin.o) .ctors)
                0x0000000000010000                PROVIDE (__init_array_end, .)

.fini_array     0x0000000000010000        0x0
                0x0000000000010000                PROVIDE (__fini_array_start, .)
 *(SORT(.fini_array.*) SORT(.dtors.*))
 *(.fini_array EXCLUDE_FILE(*crtend?.o *crtend.o *crtbegin?.o *crtbegin.o) .dtors)
                0x0000000000010000                PROVIDE (__fini_array_end, .)

.ctors
 *crtbegin.o(.ctors)
 *crtbegin?.o(.ctors)
 *(EXCLUDE_FILE(*crtend?.o *crtend.o) .ctors)
 *(SORT(.ctors.*))
 *(.ctors)

.dtors
 *crtbegin.o(.dtors)
 *crtbegin?.o(.dtors)
 *(EXCLUDE_FILE(*crtend?.o *crtend.o) .dtors)
 *(SORT(.dtors.*))
 *(.dtors)

.jcr
 *(.jcr)

.data.rel.ro
 *(.data.rel.ro.local* .gnu.linkonce.d.rel.ro.local.*)
 *(.data.rel.ro .data.rel.ro.* .gnu.linkonce.d.rel.ro.*)

.dynamic
 *(.dynamic)

.got
 *(.got)
 *(.igot)
                0x0000000000010000                . = DATA_SEGMENT_RELRO_END (., (SIZEOF (.got.plt) >= 0xc)?0xc:0x0)

.got.plt        0x0000000000010000        0x0
 *(.got.plt)
 *(.igot.plt)
 .igot.plt      0x0000000000000000        0x0 kernel/kernel.o

.data           0x0000000000010000      0x7a0
 *(.data .data.* .gnu.linkonce.d.*)
 .data          0x0000000000010000        0x2 kernel/kernel.o
 .data          0x0000000000010002        0x0 kernel/start.o
 .data          0x0000000000010002        0x0 kernel/main.o
 .data          0x0000000000010002        0x0 kernel/clock.o
 *fill*         0x0000000000010002       0x1e 
 .data          0x0000000000010020      0x600 kernel/keyboard.o
                0x0000000000010020                keymap
 .data          0x0000000000010620       0x22 kernel/tty.o
 .data          0x0000000000010642        0x0 kernel/console.o
 .data          0x0000000000010642        0x0 kernel/i8259.o
 *fill*         0x0000000000010642       0x1e 
 .data          0x0000000000010660      0x140 kernel/global.o
                0x0000000000010660                task_table
                0x0000000000010700                user_proc_table
                0x0000000000010778                sys_call_table
                0x0000000000010784                dd_map
                0x000000000001079c                fsbuf
 .data          0x00000000000107a0        0x0 kernel/protect.o
 .data          0x00000000000107a0        0x0 kernel/proc.o
 .data          0x00000000000107a0        0x0 kernel/systask.o
 .data          0x00000000000107a0        0x0 kernel/hd.o
 .data          0x00000000000107a0        0x0 lib/printf.o
 .data          0x00000000000107a0        0x0 lib/vsprintf.o
 .data          0x00000000000107a0        0x0 lib/klib.o
 .data          0x00000000000107a0        0x0 lib/misc.o
 .data          0x00000000000107a0        0x0 lib/open.o
 .data          0x00000000000107a0        0x0 lib/read.o
 .data          0x00000000000107a0        0x0 lib/write.o
 .data          0x00000000000107a0        0x0 lib/close.o
 .data          0x00000000000107a0        0x0 lib/unlink.o
 .data          0x00000000000107a0        0x0 lib/getpid.o
 .data          0x00000000000107a0        0x0 lib/syslog.o
 .data          0x00000000000107a0        0x0 fs/main.o
 .data          0x00000000000107a0        0x0 fs/open.o
 .data          0x00000000000107a0        0x0 fs/misc.o
 .data          0x00000000000107a0        0x0 fs/read_write.o
 .data          0x00000000000107a0        0x0 fs/link.o
 .data          0x00000000000107a0        0x0 fs/disklog.o

.data1
 *(.data1)
                0x00000000000107a0                _edata = .
                0x00000000000107a0                PROVIDE (edata, .)
                0x00000000000107a0                . = .
                0x00000000000107a0                __bss_start = .

.bss            0x00000000000107a0    0x51338
 *(.dynbss)
 *(.bss .bss.* .gnu.linkonce.b.*)
 .bss           0x00000000000107a0      0x800 kernel/kernel.o
 .bss           0x0000000000010fa0        0x0 kernel/start.o
 .bss           0x0000000000010fa0        0x4 kernel/main.o
 .bss           0x0000000000010fa4        0x0 kernel/clock.o
 *fill*         0x0000000000010fa4       0x1c 
 .bss           0x0000000000010fc0       0x58 kernel/keyboard.o
 .bss           0x0000000000011018        0x0 kernel/tty.o
 .bss           0x0000000000011018        0x0 kernel/console.o
 .bss           0x0000000000011018        0x0 kernel/i8259.o
 .bss           0x0000000000011018        0x0 kernel/global.o
 .bss           0x0000000000011018        0x0 kernel/protect.o
 .bss           0x0000000000011018        0x0 kernel/proc.o
 .bss           0x0000000000011018        0x0 kernel/systask.o
 *fill*         0x0000000000011018        0x8 
 .bss           0x0000000000011020      0x64c kernel/hd.o
 .bss           0x000000000001166c        0x0 lib/printf.o
 .bss           0x000000000001166c        0x0 lib/vsprintf.o
 .bss           0x000000000001166c        0x0 lib/klib.o
 .bss           0x000000000001166c        0x0 lib/misc.o
 .bss           0x000000000001166c        0x0 lib/open.o
 .bss           0x000000000001166c        0x0 lib/read.o
 .bss           0x000000000001166c        0x0 lib/write.o
 .bss           0x000000000001166c        0x0 lib/close.o
 .bss           0x000000000001166c        0x0 lib/unlink.o
 .bss           0x000000000001166c        0x0 lib/getpid.o
 .bss           0x000000000001166c        0x0 lib/syslog.o
 .bss           0x000000000001166c        0x0 fs/main.o
 .bss           0x000000000001166c        0x0 fs/open.o
 .bss           0x000000000001166c        0x0 fs/misc.o
 .bss           0x000000000001166c        0x0 fs/read_write.o
 .bss           0x000000000001166c        0x0 fs/link.o
 *fill*         0x000000000001166c       0x14 
 .bss           0x0000000000011680      0x208 fs/disklog.o
 *(COMMON)
 *fill*         0x0000000000011888       0x18 
 COMMON         0x00000000000118a0    0x14860 kernel/main.o
                0x00000000000118a0                tmpQP
                0x00000000000118e0                States
 COMMON         0x0000000000026100    0x3b9c8 kernel/global.o
                0x0000000000026100                idt_ptr
                0x0000000000026120                inode_table
                0x0000000000026c20                task_stack
                0x000000000005ec20                k_reenter
                0x000000000005ec40                gdt
                0x000000000005f040                current_console
                0x000000000005f044                pcaller
                0x000000000005f060                tty_table
                0x0000000000060100                tss
                0x0000000000060180                fs_msg
                0x00000000000601c0                f_desc_table
                0x00000000000604c0                root_inode
                0x00000000000604c4                disp_pos
                0x00000000000604c8                key_pressed
                0x00000000000604cc                gdt_ptr
                0x00000000000604e0                idt
                0x0000000000060ce0                super_block
                0x0000000000060ec0                ticks
                0x0000000000060ee0                console_table
                0x0000000000060f40                irq_table
                0x0000000000060f80                p_proc_ready
                0x0000000000060fa0                proc_table
 COMMON         0x0000000000061ac8       0x10 kernel/hd.o
                0x0000000000061ac8                PARTITION_ENTRY
                0x0000000000061ad8                . = ALIGN ((. != 0x0)?0x4:0x1)
                0x0000000000061ad8                . = ALIGN (0x4)
                0x0000000000061ad8                . = SEGMENT_START ("ldata-segment", .)
                0x0000000000061ad8                . = ALIGN (0x4)
                0x0000000000061ad8                _end = .
                0x0000000000061ad8                PROVIDE (end, .)
                0x0000000000061ad8                . = DATA_SEGMENT_END (.)

.stab
 *(.stab)

.stabstr
 *(.stabstr)

.stab.excl
 *(.stab.excl)

.stab.exclstr
 *(.stab.exclstr)

.stab.index
 *(.stab.index)

.stab.indexstr
 *(.stab.indexstr)

.comment        0x0000000000000000       0x29
 *(.comment)
 .comment       0x0000000000000000       0x29 kernel/start.o
                                         0x2a (size before relaxing)
 .comment       0x0000000000000000       0x2a kernel/main.o
 .comment       0x0000000000000000       0x2a kernel/clock.o
 .comment       0x0000000000000000       0x2a kernel/keyboard.o
 .comment       0x0000000000000000       0x2a kernel/tty.o
 .comment       0x0000000000000000       0x2a kernel/console.o
 .comment       0x0000000000000000       0x2a kernel/i8259.o
 .comment       0x0000000000000000       0x2a kernel/global.o
 .comment       0x0000000000000000       0x2a kernel/protect.o
 .comment       0x0000000000000000       0x2a kernel/proc.o
 .comment       0x0000000000000000       0x2a kernel/systask.o
 .comment       0x0000000000000000       0x2a kernel/hd.o
 .comment       0x0000000000000000       0x2a lib/printf.o
 .comment       0x0000000000000000       0x2a lib/vsprintf.o
 .comment       0x0000000000000000       0x2a lib/klib.o
 .comment       0x0000000000000000       0x2a lib/misc.o
 .comment       0x0000000000000000       0x2a lib/open.o
 .comment       0x0000000000000000       0x2a lib/read.o
 .comment       0x0000000000000000       0x2a lib/write.o
 .comment       0x0000000000000000       0x2a lib/close.o
 .comment       0x0000000000000000       0x2a lib/unlink.o
 .comment       0x0000000000000000       0x2a lib/getpid.o
 .comment       0x0000000000000000       0x2a lib/syslog.o
 .comment       0x0000000000000000       0x2a fs/main.o
 .comment       0x0000000000000000       0x2a fs/open.o
 .comment       0x0000000000000000       0x2a fs/misc.o
 .comment       0x0000000000000000       0x2a fs/read_write.o
 .comment       0x0000000000000000       0x2a fs/link.o
 .comment       0x0000000000000000       0x2a fs/disklog.o

.debug
 *(.debug)

.line
 *(.line)

.debug_srcinfo
 *(.debug_srcinfo)

.debug_sfnames
 *(.debug_sfnames)

.debug_aranges
 *(.debug_aranges)

.debug_pubnames
 *(.debug_pubnames)

.debug_info
 *(.debug_info .gnu.linkonce.wi.*)

.debug_abbrev
 *(.debug_abbrev)

.debug_line
 *(.debug_line .debug_line.* .debug_line_end)

.debug_frame
 *(.debug_frame)

.debug_str
 *(.debug_str)

.debug_loc
 *(.debug_loc)

.debug_macinfo
 *(.debug_macinfo)

.debug_weaknames
 *(.debug_weaknames)

.debug_funcnames
 *(.debug_funcnames)

.debug_typenames
 *(.debug_typenames)

.debug_varnames
 *(.debug_varnames)

.debug_pubtypes
 *(.debug_pubtypes)

.debug_ranges
 *(.debug_ranges)

.debug_macro
 *(.debug_macro)

.gnu.attributes
 *(.gnu.attributes)

/DISCARD/
 *(.note.GNU-stack)
 *(.gnu_debuglink)
 *(.gnu.lto_*)
OUTPUT(kernel.bin elf32-i386)
