
分配公共符号
公共符号            大小              文件

idt_ptr             0x6               kernel/global.o
inode_table         0xb00             kernel/global.o
task_stack          0x38000           kernel/global.o
k_reenter           0x4               kernel/global.o
gdt                 0x400             kernel/global.o
current_console     0x4               kernel/global.o
pcaller             0x4               kernel/global.o
tty_table           0x1090            kernel/global.o
tss                 0x68              kernel/global.o
fs_msg              0x30              kernel/global.o
f_desc_table        0x300             kernel/global.o
root_inode          0x4               kernel/global.o
disp_pos            0x4               kernel/global.o
key_pressed         0x4               kernel/global.o
gdt_ptr             0x6               kernel/global.o
idt                 0x800             kernel/global.o
super_block         0x1e0             kernel/global.o
PARTITION_ENTRY     0x10              kernel/hd.o
ticks               0x4               kernel/global.o
console_table       0x50              kernel/global.o
irq_table           0x40              kernel/global.o
p_proc_ready        0x4               kernel/global.o
proc_table          0xb0c             kernel/global.o

Discarded input sections

 .note.GNU-stack
                0x0000000000000000        0x0 kernel/start.o
 .note.GNU-stack
                0x0000000000000000        0x0 kernel/main.o
 .note.GNU-stack
                0x0000000000000000        0x0 kernel/clock.o
 .note.GNU-stack
                0x0000000000000000        0x0 kernel/keyboard.o
 .note.GNU-stack
                0x0000000000000000        0x0 kernel/tty.o
 .note.GNU-stack
                0x0000000000000000        0x0 kernel/console.o
 .note.GNU-stack
                0x0000000000000000        0x0 kernel/i8259.o
 .note.GNU-stack
                0x0000000000000000        0x0 kernel/global.o
 .note.GNU-stack
                0x0000000000000000        0x0 kernel/protect.o
 .note.GNU-stack
                0x0000000000000000        0x0 kernel/proc.o
 .note.GNU-stack
                0x0000000000000000        0x0 kernel/systask.o
 .note.GNU-stack
                0x0000000000000000        0x0 kernel/hd.o
 .note.GNU-stack
                0x0000000000000000        0x0 lib/printf.o
 .note.GNU-stack
                0x0000000000000000        0x0 lib/vsprintf.o
 .note.GNU-stack
                0x0000000000000000        0x0 lib/klib.o
 .note.GNU-stack
                0x0000000000000000        0x0 lib/misc.o
 .note.GNU-stack
                0x0000000000000000        0x0 lib/open.o
 .note.GNU-stack
                0x0000000000000000        0x0 lib/read.o
 .note.GNU-stack
                0x0000000000000000        0x0 lib/write.o
 .note.GNU-stack
                0x0000000000000000        0x0 lib/close.o
 .note.GNU-stack
                0x0000000000000000        0x0 lib/unlink.o
 .note.GNU-stack
                0x0000000000000000        0x0 lib/getpid.o
 .note.GNU-stack
                0x0000000000000000        0x0 lib/syslog.o
 .note.GNU-stack
                0x0000000000000000        0x0 fs/main.o
 .note.GNU-stack
                0x0000000000000000        0x0 fs/open.o
 .note.GNU-stack
                0x0000000000000000        0x0 fs/misc.o
 .note.GNU-stack
                0x0000000000000000        0x0 fs/read_write.o
 .note.GNU-stack
                0x0000000000000000        0x0 fs/link.o
 .note.GNU-stack
                0x0000000000000000        0x0 fs/disklog.o

内存配置

名称           来源             长度             属性
*default*        0x0000000000000000 0xffffffffffffffff

Linker script and memory map

段 .text 的地址设置为 0x1000
LOAD kernel/kernel.o
LOAD lib/syscall.o
LOAD kernel/start.o
LOAD kernel/main.o
LOAD kernel/clock.o
LOAD kernel/keyboard.o
LOAD kernel/tty.o
LOAD kernel/console.o
LOAD kernel/i8259.o
LOAD kernel/global.o
LOAD kernel/protect.o
LOAD kernel/proc.o
LOAD kernel/systask.o
LOAD kernel/hd.o
LOAD lib/printf.o
LOAD lib/vsprintf.o
LOAD lib/kliba.o
LOAD lib/klib.o
LOAD lib/string.o
LOAD lib/misc.o
LOAD lib/open.o
LOAD lib/read.o
LOAD lib/write.o
LOAD lib/close.o
LOAD lib/unlink.o
LOAD lib/getpid.o
LOAD lib/syslog.o
LOAD fs/main.o
LOAD fs/open.o
LOAD fs/misc.o
LOAD fs/read_write.o
LOAD fs/link.o
LOAD fs/disklog.o
                0x0000000008048000                PROVIDE (__executable_start, 0x8048000)
                0x0000000008048094                . = (0x8048000 + SIZEOF_HEADERS)

.interp
 *(.interp)

.note.gnu.build-id
 *(.note.gnu.build-id)

.hash
 *(.hash)

.gnu.hash
 *(.gnu.hash)

.dynsym
 *(.dynsym)

.dynstr
 *(.dynstr)

.gnu.version
 *(.gnu.version)

.gnu.version_d
 *(.gnu.version_d)

.gnu.version_r
 *(.gnu.version_r)

.rel.dyn        0x0000000008048094        0x0
 *(.rel.init)
 *(.rel.text .rel.text.* .rel.gnu.linkonce.t.*)
 .rel.text      0x0000000000000000        0x0 kernel/kernel.o
 *(.rel.fini)
 *(.rel.rodata .rel.rodata.* .rel.gnu.linkonce.r.*)
 *(.rel.data.rel.ro .rel.data.rel.ro.* .rel.gnu.linkonce.d.rel.ro.*)
 *(.rel.data .rel.data.* .rel.gnu.linkonce.d.*)
 .rel.data      0x0000000000000000        0x0 kernel/kernel.o
 *(.rel.tdata .rel.tdata.* .rel.gnu.linkonce.td.*)
 *(.rel.tbss .rel.tbss.* .rel.gnu.linkonce.tb.*)
 *(.rel.ctors)
 *(.rel.dtors)
 *(.rel.got)
 *(.rel.bss .rel.bss.* .rel.gnu.linkonce.b.*)
 *(.rel.ifunc)

.rel.plt        0x0000000008048094        0x0
 *(.rel.plt)
                0x0000000008048094                PROVIDE (__rel_iplt_start, .)
 *(.rel.iplt)
 .rel.iplt      0x0000000000000000        0x0 kernel/kernel.o
                0x0000000008048094                PROVIDE (__rel_iplt_end, .)

.init
 *(SORT(.init))

.plt            0x00000000080480a0        0x0
 *(.plt)
 *(.iplt)
 .iplt          0x0000000000000000        0x0 kernel/kernel.o

.text           0x0000000000001000     0xbcdb
 *(.text.unlikely .text.*_unlikely .text.unlikely.*)
 *(.text.exit .text.exit.*)
 *(.text.startup .text.startup.*)
 *(.text.hot .text.hot.*)
 *(.text .stub .text.* .gnu.linkonce.t.*)
 .text          0x0000000000001000      0x410 kernel/kernel.o
                0x0000000000001000                _start
                0x0000000000001040                hwint00
                0x0000000000001070                hwint01
                0x00000000000010a0                hwint02
                0x00000000000010d0                hwint03
                0x0000000000001100                hwint04
                0x0000000000001130                hwint05
                0x0000000000001160                hwint06
                0x0000000000001190                hwint07
                0x00000000000011c0                hwint08
                0x00000000000011f0                hwint09
                0x0000000000001220                hwint10
                0x0000000000001250                hwint11
                0x0000000000001280                hwint12
                0x00000000000012b0                hwint13
                0x00000000000012e0                hwint14
                0x0000000000001310                hwint15
                0x0000000000001334                divide_error
                0x000000000000133a                single_step_exception
                0x0000000000001340                nmi
                0x0000000000001346                breakpoint_exception
                0x000000000000134c                overflow
                0x0000000000001352                bounds_check
                0x0000000000001358                inval_opcode
                0x000000000000135e                copr_not_available
                0x0000000000001364                double_fault
                0x0000000000001368                copr_seg_overrun
                0x000000000000136e                inval_tss
                0x0000000000001372                segment_not_present
                0x0000000000001376                stack_exception
                0x000000000000137a                general_protection
                0x000000000000137e                page_fault
                0x0000000000001382                copr_error
                0x00000000000013cb                sys_call
                0x00000000000013eb                restart
 .text          0x0000000000001410       0x28 lib/syscall.o
                0x0000000000001410                sendrec
                0x000000000000142a                printx
 .text          0x0000000000001438       0x8e kernel/start.o
                0x0000000000001438                cstart
 .text          0x00000000000014c6     0x20fe kernel/main.o
                0x00000000000014c6                kernel_main
                0x000000000000174b                get_ticks
                0x0000000000001783                TestA
                0x0000000000002067                TestB
                0x000000000000207b                TestC
                0x000000000000208f                panic
                0x00000000000020df                findpass
                0x0000000000002152                doUserDel
                0x00000000000022c9                doUserAdd
                0x00000000000023da                doPassWd
                0x0000000000002500                login
                0x000000000000282f                clearArr
                0x0000000000002857                printTitle
                0x00000000000028a0                clear
                0x0000000000002905                help
                0x000000000000296d                ProcessManage
                0x0000000000002a04                srand
                0x0000000000002a11                rand
                0x0000000000002a97                game
                0x0000000000002cbf                mat_init
                0x0000000000002ce2                mat_left
                0x0000000000002ea2                mat_right
                0x0000000000003062                mat_up
                0x0000000000003222                mat_down
                0x00000000000033e2                mat_reach
                0x0000000000003440                mat_insert
                0x000000000000355d                mat_print
 .text          0x00000000000035c4      0x115 kernel/clock.o
                0x00000000000035c4                clock_handler
                0x000000000000363c                milli_delay
                0x0000000000003675                init_clock
 .text          0x00000000000036d9      0x6cf kernel/keyboard.o
                0x00000000000036d9                keyboard_handler
                0x000000000000373f                init_keyboard
                0x00000000000037ee                keyboard_read
 .text          0x0000000000003da8      0x9d3 kernel/tty.o
                0x0000000000003da8                task_tty
                0x0000000000003f5c                in_process
                0x0000000000004482                sys_printx
                0x0000000000004624                dump_tty_buf
 .text          0x000000000000477b      0x7da kernel/console.o
                0x000000000000477b                init_screen
                0x00000000000048e5                out_char
                0x0000000000004ba2                clear_screen
                0x0000000000004bdb                is_current_console
                0x0000000000004bfe                set_cursor
                0x0000000000004c67                set_video_start_addr
                0x0000000000004cd0                select_console
                0x0000000000004d0b                scroll_screen
                0x0000000000004eef                flush
 .text          0x0000000000004f55      0x13c kernel/i8259.o
                0x0000000000004f55                init_8259A
                0x0000000000005046                spurious_irq
                0x0000000000005071                put_irq_handler
 .text          0x0000000000005091        0x0 kernel/global.o
 .text          0x0000000000005091      0x7e9 kernel/protect.o
                0x0000000000005091                init_prot
                0x0000000000005692                seg2phys
                0x000000000000574d                exception_handler
 .text          0x000000000000587a     0x19f5 kernel/proc.o
                0x000000000000587a                schedule
                0x0000000000005905                sys_sendrec
                0x0000000000005a64                send_recv
                0x0000000000005b44                ldt_seg_linear
                0x0000000000005b8e                va2la
                0x0000000000005bfd                reset_msg
                0x0000000000006beb                inform_int
                0x0000000000006d8d                dump_proc
                0x0000000000007128                dump_msg
 .text          0x000000000000726f       0x95 kernel/systask.o
                0x000000000000726f                task_sys
 .text          0x0000000000007304      0xe9e kernel/hd.o
                0x0000000000007304                task_hd
                0x000000000000817d                hd_handler
 .text          0x00000000000081a2       0xc0 lib/printf.o
                0x00000000000081a2                printf
                0x0000000000008221                printl
 .text          0x0000000000008262      0x318 lib/vsprintf.o
                0x00000000000082c5                vsprintf
                0x0000000000008550                sprintf
 *fill*         0x000000000000857a        0x6 
 .text          0x0000000000008580      0x19a lib/kliba.o
                0x0000000000008580                disp_str
                0x00000000000085be                disp_color_str
                0x00000000000085fd                out_byte
                0x0000000000008609                in_byte
                0x0000000000008613                port_read
                0x0000000000008626                port_write
                0x0000000000008639                disable_irq
                0x000000000000866e                enable_irq
                0x000000000000868d                disable_int
                0x000000000000868f                enable_int
                0x0000000000008691                glitter
 .text          0x000000000000871a      0x1d2 lib/klib.o
                0x000000000000871a                itoa
                0x00000000000087c5                atoi
                0x0000000000008881                disp_int
                0x00000000000088a6                delay
 *fill*         0x00000000000088ec        0x4 
 .text          0x00000000000088f0       0x78 lib/string.o
                0x00000000000088f0                memcpy
                0x0000000000008919                memset
                0x000000000000893a                strcpy
                0x0000000000008952                strlen
 .text          0x0000000000008968      0x22d lib/misc.o
                0x0000000000008968                memcmp
                0x00000000000089de                strcmp
                0x0000000000008a50                strcat
                0x0000000000008aaf                strstr
                0x0000000000008b34                spin
                0x0000000000008b4f                assertion_failure
 .text          0x0000000000008b95       0x73 lib/open.o
                0x0000000000008b95                open
 .text          0x0000000000008c08       0x3f lib/read.o
                0x0000000000008c08                read
 .text          0x0000000000008c47       0x3f lib/write.o
                0x0000000000008c47                write
 .text          0x0000000000008c86       0x33 lib/close.o
                0x0000000000008c86                close
 .text          0x0000000000008cb9       0x41 lib/unlink.o
                0x0000000000008cb9                unlink
 .text          0x0000000000008cfa       0x59 lib/getpid.o
                0x0000000000008cfa                getpid
 .text          0x0000000000008d53       0xdb lib/syslog.o
                0x0000000000008d53                syslog
 .text          0x0000000000008e2e      0xeac fs/main.o
                0x0000000000008e2e                task_fs
                0x000000000000978a                rw_sector
                0x00000000000099c4                get_super_block
                0x0000000000009a0a                get_inode
                0x0000000000009b78                put_inode
                0x0000000000009bbd                sync_inode
 .text          0x0000000000009cda      0xb40 fs/open.o
                0x0000000000009cda                do_open
                0x000000000000a16b                do_close
                0x000000000000a1c3                do_lseek
 .text          0x000000000000a81a      0x205 fs/misc.o
                0x000000000000a81a                search_file
                0x000000000000a993                strip_path
 .text          0x000000000000aa1f      0x522 fs/read_write.o
                0x000000000000aa1f                do_rdwt
 .text          0x000000000000af41      0x8f6 fs/link.o
                0x000000000000af41                do_unlink
 .text          0x000000000000b837     0x14a4 fs/disklog.o
                0x000000000000b837                do_disklog
                0x000000000000b8e2                disklog
                0x000000000000be8c                dump_fd_graph
 *(.gnu.warning)

.fini
 *(SORT(.fini))
                0x000000000000ccdb                PROVIDE (__etext, .)
                0x000000000000ccdb                PROVIDE (_etext, .)
                0x000000000000ccdb                PROVIDE (etext, .)

.rodata         0x000000000000cce0     0x23a7
 *(.rodata .rodata.* .gnu.linkonce.r.*)
 .rodata        0x000000000000cce0       0x47 kernel/start.o
 *fill*         0x000000000000cd27        0x1 
 .rodata        0x000000000000cd28      0x6af kernel/main.o
 *fill*         0x000000000000d3d7        0x1 
 .rodata        0x000000000000d3d8       0x64 kernel/keyboard.o
 .rodata        0x000000000000d43c      0x13c kernel/tty.o
 .rodata        0x000000000000d578       0x5b kernel/console.o
 .rodata        0x000000000000d5d3       0x11 kernel/i8259.o
 .rodata        0x000000000000d5e4        0x4 kernel/global.o
                0x000000000000d5e4                FSBUF_SIZE
 *fill*         0x000000000000d5e8       0x18 
 .rodata        0x000000000000d600      0x540 kernel/protect.o
 .rodata        0x000000000000db40      0x62e kernel/proc.o
 .rodata        0x000000000000e16e       0x11 kernel/systask.o
 *fill*         0x000000000000e17f        0x1 
 .rodata        0x000000000000e180      0x1ba kernel/hd.o
 .rodata        0x000000000000e33a       0x14 lib/printf.o
 *fill*         0x000000000000e34e        0x2 
 .rodata        0x000000000000e350       0x61 lib/misc.o
 .rodata        0x000000000000e3b1       0x23 lib/open.o
 .rodata        0x000000000000e3d4       0x25 lib/getpid.o
 .rodata        0x000000000000e3f9       0x32 lib/syslog.o
 *fill*         0x000000000000e42b        0x1 
 .rodata        0x000000000000e42c      0x206 fs/main.o
 *fill*         0x000000000000e632        0x2 
 .rodata        0x000000000000e634      0x128 fs/open.o
 .rodata        0x000000000000e75c      0x164 fs/read_write.o
 .rodata        0x000000000000e8c0      0x19d fs/link.o
 *fill*         0x000000000000ea5d        0x3 
 .rodata        0x000000000000ea60      0x627 fs/disklog.o

.rodata1
 *(.rodata1)

.eh_frame_hdr
 *(.eh_frame_hdr)

.eh_frame       0x000000000000f088     0x12e8
 *(.eh_frame)
 .eh_frame      0x000000000000f088       0x38 kernel/start.o
 .eh_frame      0x000000000000f0c0      0x390 kernel/main.o
                                        0x3a8 (size before relaxing)
 .eh_frame      0x000000000000f450       0x60 kernel/clock.o
                                         0x78 (size before relaxing)
 .eh_frame      0x000000000000f4b0       0xe0 kernel/keyboard.o
                                         0xf8 (size before relaxing)
 .eh_frame      0x000000000000f590      0x13c kernel/tty.o
                                        0x154 (size before relaxing)
 .eh_frame      0x000000000000f6cc      0x148 kernel/console.o
                                        0x160 (size before relaxing)
 .eh_frame      0x000000000000f814       0x60 kernel/i8259.o
                                         0x78 (size before relaxing)
 .eh_frame      0x000000000000f874       0xb0 kernel/protect.o
                                         0xc8 (size before relaxing)
 .eh_frame      0x000000000000f924      0x1e0 kernel/proc.o
                                        0x1f8 (size before relaxing)
 .eh_frame      0x000000000000fb04       0x1c kernel/systask.o
                                         0x34 (size before relaxing)
 .eh_frame      0x000000000000fb20      0x210 kernel/hd.o
                                        0x228 (size before relaxing)
 .eh_frame      0x000000000000fd30       0x40 lib/printf.o
                                         0x58 (size before relaxing)
 .eh_frame      0x000000000000fd70       0x68 lib/vsprintf.o
                                         0x80 (size before relaxing)
 .eh_frame      0x000000000000fdd8       0x80 lib/klib.o
                                         0x98 (size before relaxing)
 .eh_frame      0x000000000000fe58       0xbc lib/misc.o
                                         0xd4 (size before relaxing)
 .eh_frame      0x000000000000ff14       0x20 lib/open.o
                                         0x38 (size before relaxing)
 .eh_frame      0x000000000000ff34       0x20 lib/read.o
                                         0x38 (size before relaxing)
 .eh_frame      0x000000000000ff54       0x20 lib/write.o
                                         0x38 (size before relaxing)
 .eh_frame      0x000000000000ff74       0x20 lib/close.o
                                         0x38 (size before relaxing)
 .eh_frame      0x000000000000ff94       0x20 lib/unlink.o
                                         0x38 (size before relaxing)
 .eh_frame      0x000000000000ffb4       0x20 lib/getpid.o
                                         0x38 (size before relaxing)
 .eh_frame      0x000000000000ffd4       0x20 lib/syslog.o
                                         0x38 (size before relaxing)
 .eh_frame      0x000000000000fff4      0x134 fs/main.o
                                        0x14c (size before relaxing)
 .eh_frame      0x0000000000010128      0x128 fs/open.o
                                        0x140 (size before relaxing)
 .eh_frame      0x0000000000010250       0x48 fs/misc.o
                                         0x60 (size before relaxing)
 .eh_frame      0x0000000000010298       0x2c fs/read_write.o
                                         0x44 (size before relaxing)
 .eh_frame      0x00000000000102c4       0x2c fs/link.o
                                         0x44 (size before relaxing)
 .eh_frame      0x00000000000102f0       0x80 fs/disklog.o
                                         0x98 (size before relaxing)

.gcc_except_table
 *(.gcc_except_table .gcc_except_table.*)

.exception_ranges
 *(.exception_ranges .exception_ranges*)
                0x0000000000010370                . = (ALIGN (0x1000) - ((0x1000 - .) & 0xfff))
                0x0000000000011370                . = DATA_SEGMENT_ALIGN (0x1000, 0x1000)

.eh_frame
 *(.eh_frame)

.gcc_except_table
 *(.gcc_except_table .gcc_except_table.*)

.exception_ranges
 *(.exception_ranges .exception_ranges*)

.tdata
 *(.tdata .tdata.* .gnu.linkonce.td.*)

.tbss
 *(.tbss .tbss.* .gnu.linkonce.tb.*)
 *(.tcommon)

.preinit_array  0x0000000000011370        0x0
                0x0000000000011370                PROVIDE (__preinit_array_start, .)
 *(.preinit_array)
                0x0000000000011370                PROVIDE (__preinit_array_end, .)

.init_array     0x0000000000011370        0x0
                0x0000000000011370                PROVIDE (__init_array_start, .)
 *(SORT(.init_array.*) SORT(.ctors.*))
 *(.init_array EXCLUDE_FILE(*crtend?.o *crtend.o *crtbegin?.o *crtbegin.o) .ctors)
                0x0000000000011370                PROVIDE (__init_array_end, .)

.fini_array     0x0000000000011370        0x0
                0x0000000000011370                PROVIDE (__fini_array_start, .)
 *(SORT(.fini_array.*) SORT(.dtors.*))
 *(.fini_array EXCLUDE_FILE(*crtend?.o *crtend.o *crtbegin?.o *crtbegin.o) .dtors)
                0x0000000000011370                PROVIDE (__fini_array_end, .)

.ctors
 *crtbegin.o(.ctors)
 *crtbegin?.o(.ctors)
 *(EXCLUDE_FILE(*crtend?.o *crtend.o) .ctors)
 *(SORT(.ctors.*))
 *(.ctors)

.dtors
 *crtbegin.o(.dtors)
 *crtbegin?.o(.dtors)
 *(EXCLUDE_FILE(*crtend?.o *crtend.o) .dtors)
 *(SORT(.dtors.*))
 *(.dtors)

.jcr
 *(.jcr)

.data.rel.ro
 *(.data.rel.ro.local* .gnu.linkonce.d.rel.ro.local.*)
 *(.data.rel.ro .data.rel.ro.* .gnu.linkonce.d.rel.ro.*)

.dynamic
 *(.dynamic)

.got
 *(.got)
 *(.igot)
                0x0000000000011370                . = DATA_SEGMENT_RELRO_END (., (SIZEOF (.got.plt) >= 0xc)?0xc:0x0)

.got.plt        0x0000000000011370        0x0
 *(.got.plt)
 *(.igot.plt)
 .igot.plt      0x0000000000000000        0x0 kernel/kernel.o

.data           0x0000000000011380      0x7a0
 *(.data .data.* .gnu.linkonce.d.*)
 .data          0x0000000000011380        0x2 kernel/kernel.o
 .data          0x0000000000011382        0x0 kernel/start.o
 *fill*         0x0000000000011382        0x2 
 .data          0x0000000000011384        0x4 kernel/main.o
                0x0000000000011384                _seed2
 .data          0x0000000000011388        0x0 kernel/clock.o
 *fill*         0x0000000000011388       0x18 
 .data          0x00000000000113a0      0x600 kernel/keyboard.o
                0x00000000000113a0                keymap
 .data          0x00000000000119a0       0x22 kernel/tty.o
 .data          0x00000000000119c2        0x0 kernel/console.o
 .data          0x00000000000119c2        0x0 kernel/i8259.o
 *fill*         0x00000000000119c2       0x1e 
 .data          0x00000000000119e0      0x140 kernel/global.o
                0x00000000000119e0                task_table
                0x0000000000011a80                user_proc_table
                0x0000000000011af8                sys_call_table
                0x0000000000011b04                dd_map
                0x0000000000011b1c                fsbuf
 .data          0x0000000000011b20        0x0 kernel/protect.o
 .data          0x0000000000011b20        0x0 kernel/proc.o
 .data          0x0000000000011b20        0x0 kernel/systask.o
 .data          0x0000000000011b20        0x0 kernel/hd.o
 .data          0x0000000000011b20        0x0 lib/printf.o
 .data          0x0000000000011b20        0x0 lib/vsprintf.o
 .data          0x0000000000011b20        0x0 lib/klib.o
 .data          0x0000000000011b20        0x0 lib/misc.o
 .data          0x0000000000011b20        0x0 lib/open.o
 .data          0x0000000000011b20        0x0 lib/read.o
 .data          0x0000000000011b20        0x0 lib/write.o
 .data          0x0000000000011b20        0x0 lib/close.o
 .data          0x0000000000011b20        0x0 lib/unlink.o
 .data          0x0000000000011b20        0x0 lib/getpid.o
 .data          0x0000000000011b20        0x0 lib/syslog.o
 .data          0x0000000000011b20        0x0 fs/main.o
 .data          0x0000000000011b20        0x0 fs/open.o
 .data          0x0000000000011b20        0x0 fs/misc.o
 .data          0x0000000000011b20        0x0 fs/read_write.o
 .data          0x0000000000011b20        0x0 fs/link.o
 .data          0x0000000000011b20        0x0 fs/disklog.o

.data1
 *(.data1)
                0x0000000000011b20                _edata = .
                0x0000000000011b20                PROVIDE (edata, .)
                0x0000000000011b20                . = .
                0x0000000000011b20                __bss_start = .

.bss            0x0000000000011b20    0x3ca9c
 *(.dynbss)
 *(.bss .bss.* .gnu.linkonce.b.*)
 .bss           0x0000000000011b20      0x800 kernel/kernel.o
 .bss           0x0000000000012320        0x0 kernel/start.o
 .bss           0x0000000000012320        0x0 kernel/main.o
 .bss           0x0000000000012320        0x0 kernel/clock.o
 .bss           0x0000000000012320       0x58 kernel/keyboard.o
 .bss           0x0000000000012378        0x0 kernel/tty.o
 .bss           0x0000000000012378        0x0 kernel/console.o
 .bss           0x0000000000012378        0x0 kernel/i8259.o
 .bss           0x0000000000012378        0x0 kernel/global.o
 .bss           0x0000000000012378        0x0 kernel/protect.o
 .bss           0x0000000000012378        0x0 kernel/proc.o
 .bss           0x0000000000012378        0x0 kernel/systask.o
 *fill*         0x0000000000012378        0x8 
 .bss           0x0000000000012380      0x64c kernel/hd.o
 .bss           0x00000000000129cc        0x0 lib/printf.o
 .bss           0x00000000000129cc        0x0 lib/vsprintf.o
 .bss           0x00000000000129cc        0x0 lib/klib.o
 .bss           0x00000000000129cc        0x0 lib/misc.o
 .bss           0x00000000000129cc        0x0 lib/open.o
 .bss           0x00000000000129cc        0x0 lib/read.o
 .bss           0x00000000000129cc        0x0 lib/write.o
 .bss           0x00000000000129cc        0x0 lib/close.o
 .bss           0x00000000000129cc        0x0 lib/unlink.o
 .bss           0x00000000000129cc        0x0 lib/getpid.o
 .bss           0x00000000000129cc        0x0 lib/syslog.o
 .bss           0x00000000000129cc        0x0 fs/main.o
 .bss           0x00000000000129cc        0x0 fs/open.o
 .bss           0x00000000000129cc        0x0 fs/misc.o
 .bss           0x00000000000129cc        0x0 fs/read_write.o
 .bss           0x00000000000129cc        0x0 fs/link.o
 *fill*         0x00000000000129cc       0x14 
 .bss           0x00000000000129e0      0x208 fs/disklog.o
 *(COMMON)
 *fill*         0x0000000000012be8       0x18 
 COMMON         0x0000000000012c00    0x3b9ac kernel/global.o
                0x0000000000012c00                idt_ptr
                0x0000000000012c20                inode_table
                0x0000000000013720                task_stack
                0x000000000004b720                k_reenter
                0x000000000004b740                gdt
                0x000000000004bb40                current_console
                0x000000000004bb44                pcaller
                0x000000000004bb60                tty_table
                0x000000000004cc00                tss
                0x000000000004cc80                fs_msg
                0x000000000004ccc0                f_desc_table
                0x000000000004cfc0                root_inode
                0x000000000004cfc4                disp_pos
                0x000000000004cfc8                key_pressed
                0x000000000004cfcc                gdt_ptr
                0x000000000004cfe0                idt
                0x000000000004d7e0                super_block
                0x000000000004d9c0                ticks
                0x000000000004d9e0                console_table
                0x000000000004da40                irq_table
                0x000000000004da80                p_proc_ready
                0x000000000004daa0                proc_table
 COMMON         0x000000000004e5ac       0x10 kernel/hd.o
                0x000000000004e5ac                PARTITION_ENTRY
                0x000000000004e5bc                . = ALIGN ((. != 0x0)?0x4:0x1)
                0x000000000004e5bc                . = ALIGN (0x4)
                0x000000000004e5bc                . = SEGMENT_START ("ldata-segment", .)
                0x000000000004e5bc                . = ALIGN (0x4)
                0x000000000004e5bc                _end = .
                0x000000000004e5bc                PROVIDE (end, .)
                0x000000000004e5bc                . = DATA_SEGMENT_END (.)

.stab
 *(.stab)

.stabstr
 *(.stabstr)

.stab.excl
 *(.stab.excl)

.stab.exclstr
 *(.stab.exclstr)

.stab.index
 *(.stab.index)

.stab.indexstr
 *(.stab.indexstr)

.comment        0x0000000000000000       0x29
 *(.comment)
 .comment       0x0000000000000000       0x29 kernel/start.o
                                         0x2a (size before relaxing)
 .comment       0x0000000000000000       0x2a kernel/main.o
 .comment       0x0000000000000000       0x2a kernel/clock.o
 .comment       0x0000000000000000       0x2a kernel/keyboard.o
 .comment       0x0000000000000000       0x2a kernel/tty.o
 .comment       0x0000000000000000       0x2a kernel/console.o
 .comment       0x0000000000000000       0x2a kernel/i8259.o
 .comment       0x0000000000000000       0x2a kernel/global.o
 .comment       0x0000000000000000       0x2a kernel/protect.o
 .comment       0x0000000000000000       0x2a kernel/proc.o
 .comment       0x0000000000000000       0x2a kernel/systask.o
 .comment       0x0000000000000000       0x2a kernel/hd.o
 .comment       0x0000000000000000       0x2a lib/printf.o
 .comment       0x0000000000000000       0x2a lib/vsprintf.o
 .comment       0x0000000000000000       0x2a lib/klib.o
 .comment       0x0000000000000000       0x2a lib/misc.o
 .comment       0x0000000000000000       0x2a lib/open.o
 .comment       0x0000000000000000       0x2a lib/read.o
 .comment       0x0000000000000000       0x2a lib/write.o
 .comment       0x0000000000000000       0x2a lib/close.o
 .comment       0x0000000000000000       0x2a lib/unlink.o
 .comment       0x0000000000000000       0x2a lib/getpid.o
 .comment       0x0000000000000000       0x2a lib/syslog.o
 .comment       0x0000000000000000       0x2a fs/main.o
 .comment       0x0000000000000000       0x2a fs/open.o
 .comment       0x0000000000000000       0x2a fs/misc.o
 .comment       0x0000000000000000       0x2a fs/read_write.o
 .comment       0x0000000000000000       0x2a fs/link.o
 .comment       0x0000000000000000       0x2a fs/disklog.o

.debug
 *(.debug)

.line
 *(.line)

.debug_srcinfo
 *(.debug_srcinfo)

.debug_sfnames
 *(.debug_sfnames)

.debug_aranges
 *(.debug_aranges)

.debug_pubnames
 *(.debug_pubnames)

.debug_info
 *(.debug_info .gnu.linkonce.wi.*)

.debug_abbrev
 *(.debug_abbrev)

.debug_line
 *(.debug_line .debug_line.* .debug_line_end)

.debug_frame
 *(.debug_frame)

.debug_str
 *(.debug_str)

.debug_loc
 *(.debug_loc)

.debug_macinfo
 *(.debug_macinfo)

.debug_weaknames
 *(.debug_weaknames)

.debug_funcnames
 *(.debug_funcnames)

.debug_typenames
 *(.debug_typenames)

.debug_varnames
 *(.debug_varnames)

.debug_pubtypes
 *(.debug_pubtypes)

.debug_ranges
 *(.debug_ranges)

.debug_macro
 *(.debug_macro)

.gnu.attributes
 *(.gnu.attributes)

/DISCARD/
 *(.note.GNU-stack)
 *(.gnu_debuglink)
 *(.gnu.lto_*)
OUTPUT(kernel.bin elf32-i386)
